........................................................................ [  0%]
......E.EEEEEEEEEEEEEEEEEEEEEEEEEEEEEEEEEEEEEEEEEEEEEEEEEEEEEEE......... [  0%]
.....................................E.EEEEEEEEEEEEEEEEEE.EE.EEE...EEEE. [  1%]
........................................EEEEEEEEEEEEEEEEEEEEEEEEE.....EE [  1%]
EEEEE.......EEEEEEEEEEEEEEEEEEEEEEEEE...EEEEEEEEEEEEEEEEEEEEEEEEEEE..... [  2%]
.......................................E...EEEEEEEEEEEEEEEEEEEEEEEEEE..E [  2%]
EEEEEEEEEEEEEEEEEEE..................................................... [  3%]
........................................................................ [  3%]
.............................................F....EEEEEEEEEEEEEEEEEEEEEE [  4%]
EEE....EE.EEE........................................................... [  4%]
............s.......EEEEEEE.................................EEEEEEEEEEEE [  5%]
EEEEEEEEEEEEEEEEEE.........................EEEEEEEEEEEEEEEE............. [  5%]
..............E...................EEEEEEEEEEEE.......EEEEEE..E.EEE...... [  6%]
..........EEEEEEEEEEEEEEEEEEEEEEEEEEEEEEE.....EEEEEEEEEEEEEE.EEEE...EEEE [  6%]
EEEEEEEEEEEEEEEEEEEEEEEEEEEEEE.....EEEEEEEEEE........................... [  7%]
..................................................EEEEE......EEEEEE.EEEE [  7%]
EEE............................EEEEEEEEEE...EEEEEEEE...EEEEEEEEEEEEEE..E [  8%]
EEE..................EEEEEE............E.EFEEEEEEEEEEEEEEEEEEEEEEEEEEEEE [  8%]
EEEEEEEEEEEEEEEEEE...................................................... [  9%]
....................................................EEEEEEEEEEEEEEE..... [  9%]
EE.............EEEEEEEEEEEEEEEEEEEEEEEEEEEEEEEEEEEEEEEEEEEEEEEEE...EEEEE [ 10%]
EEEEEEE................................EEEE..E....EEEE.EEE.............. [ 10%]
...................EEEEEEEEEE...EE........E....................EEEEEEE.. [ 11%]
..EE..E.............EEEEEEEEEEEEEEE..................................... [ 11%]
...................EEEEEEEEEEE.........EEEEEEEEEEE......EEE......EEEEEEE [ 11%]
EE...................................................................EEE [ 12%]
EEEEEEEEEEE...EEEEEEEEEEEEEEEEEEE....................................... [ 12%]
....E................................................................... [ 13%]
.......EEEEEEEEEEEEEEE......................EE.......................... [ 13%]
...................EEEEEE..EEEEEEEEEEEEEEE.........EEEEEEEEEE........... [ 14%]
.........................EEEEEEEEEEEEEEEE....EEEEEEEE................... [ 14%]
........................................................E............... [ 15%]
.....EEE........EEEE..............E...................EEEEEEEEEEEEEEEEEE [ 15%]
....E.EEEEEEEEsEEEEEEEEE.EEEEEE.EE...E........EEEEEEEE.EEE..EEEEEEEEEE.. [ 16%]
...................EE................................................... [ 16%]
........................................................................ [ 17%]
........................................................................ [ 17%]
........................................EE.EEEEEEEEEEEEEEEEEE.E......... [ 18%]
........................................................................ [ 18%]
.....EEE...EEEEEEEEEEEEEEEEEEEEEEE.........................EEEEEEEEEEEEE [ 19%]
EEEEEEEEEEEEEEEEEEEEEEEEEEEEEEEEEEEEEEEEEEEEE........................... [ 19%]
........................................................................ [ 20%]
........................EE......FF.FF.EEEEEEEEEEEEEEEEEEEEE............. [ 20%]
..........................EEEE..........EEEEEEEEE....EEEEEEEEEEEEEEEEE.. [ 21%]
........................................................................ [ 21%]
........................................................E............... [ 22%]
.......................................FFFF....................EEEEEEEEE [ 22%]
EEEEEEEEEEEEEEEEEEEEEEEEEEEEEEEEEEEEEEEEEEEEE........................... [ 23%]
.............................EEEE..EEEEEEEEEEEEEE....................... [ 23%]
...............................................................EEE...E.. [ 23%]
...................................EEEE...EEEEEEEEEEEE.........EEEEEE... [ 24%]
.........EEEEEEEEEEEEEE..EEEEEEEEEEEEEEEEEE..EEEEEEE.........E.......... [ 24%]
