........................................................................ [  0%]
........................................................................ [  0%]
........................................................................ [  1%]
........................................................................ [  1%]
........................................................................ [  2%]
........................................................................ [  2%]
........................................................................ [  3%]
........................................................................ [  3%]
..................................................F..................... [  4%]
........................................................................ [  4%]
.................s...................................................... [  5%]
........................................................................ [  5%]
........................................................................ [  6%]
.................F......FF................................F..........F.. [  6%]
........................................................................ [  7%]
........................................................................ [  7%]
........................................................................ [  8%]
...............................................F........................ [  8%]
........................................................................ [  9%]
........................................................................ [  9%]
........................................................................ [ 10%]
........................................................................ [ 10%]
....................................................................EEEE [ 10%]
EEE....EE..E.............EEEEEEEEEEEEEEE................................ [ 11%]
........................................................................ [ 11%]
........................................................................ [ 12%]
........................................................................ [ 12%]
........................................................................ [ 13%]
........................................................................ [ 13%]
.........................................